---
source: crates/h265/src/sps/mod.rs
expression: nalu
---
SpsNALUnit {
    nal_unit_header: NALUnitHeader {
        nal_unit_type: SpsNut,
        nuh_layer_id: 0,
        nuh_temporal_id_plus1: 1,
    },
    rbsp: SpsRbsp {
        sps_video_parameter_set_id: 0,
        sps_max_sub_layers_minus1: 0,
        sps_temporal_id_nesting_flag: true,
        profile_tier_level: ProfileTierLevel {
            general_profile: Profile {
                profile_space: 0,
                tier_flag: true,
                profile_idc: 4,
                profile_compatibility_flag: ProfileCompatibilityFlags(
                    FormatRangeExtensionsProfile,
                ),
                progressive_source_flag: true,
                interlaced_source_flag: false,
                non_packed_constraint_flag: false,
                frame_only_constraint_flag: true,
                additional_flags: Full {
                    max_12bit_constraint_flag: true,
                    max_10bit_constraint_flag: true,
                    max_8bit_constraint_flag: false,
                    max_422chroma_constraint_flag: true,
                    max_420chroma_constraint_flag: false,
                    max_monochrome_constraint_flag: false,
                    intra_constraint_flag: false,
                    one_picture_only_constraint_flag: false,
                    lower_bit_rate_constraint_flag: true,
                    max_14bit_constraint_flag: None,
                },
                inbld_flag: Some(
                    false,
                ),
                level_idc: Some(
                    153,
                ),
            },
            sub_layer_profiles: [],
        },
        sps_seq_parameter_set_id: 0,
        chroma_format_idc: 2,
        separate_colour_plane_flag: false,
        pic_width_in_luma_samples: 3840,
        pic_height_in_luma_samples: 2160,
        conformance_window: ConformanceWindow {
            conf_win_left_offset: 0,
            conf_win_right_offset: 0,
            conf_win_top_offset: 0,
            conf_win_bottom_offset: 0,
        },
        bit_depth_luma_minus8: 2,
        bit_depth_chroma_minus8: 2,
        log2_max_pic_order_cnt_lsb_minus4: 4,
        sub_layer_ordering_info: SubLayerOrderingInfo {
            sps_max_dec_pic_buffering_minus1: [
                2,
            ],
            sps_max_num_reorder_pics: [
                1,
            ],
            sps_max_latency_increase_plus1: [
                0,
            ],
        },
        log2_min_luma_coding_block_size_minus3: 0,
        log2_diff_max_min_luma_coding_block_size: 2,
        log2_min_luma_transform_block_size_minus2: 0,
        log2_diff_max_min_luma_transform_block_size: 2,
        max_transform_hierarchy_depth_inter: 2,
        max_transform_hierarchy_depth_intra: 2,
        scaling_list_data: Some(
            ScalingListData {
                scaling_list: [
                    [
                        [
                            10,
                            14,
                            14,
                            16,
                            16,
                            16,
                            18,
                            18,
                            18,
                            18,
                            19,
                            19,
                            19,
                            21,
                            21,
                            22,
                            0,
                            0,
                            0,
                            0,
                            0,
                            0,
                            0,
                            0,
                            0,
                            0,
                            0,
                            0,
                            0,
                            0,
                            0,
                            0,
                            0,
                            0,
                            0,
                            0,
                            0,
                            0,
                            0,
                            0,
                            0,
                            0,
                            0,
                            0,
                            0,
                            0,
                            0,
                            0,
                            0,
                            0,
                            0,
                            0,
                            0,
                            0,
                            0,
                            0,
                            0,
                            0,
                            0,
                            0,
                            0,
                            0,
                            0,
                            0,
                        ],
                        [
                            16,
                            16,
                            16,
                            16,
                            16,
                            16,
                            16,
                            16,
                            16,
                            16,
                            16,
                            16,
                            16,
                            16,
                            16,
                            16,
                            0,
                            0,
                            0,
                            0,
                            0,
                            0,
                            0,
                            0,
                            0,
                            0,
                            0,
                            0,
                            0,
                            0,
                            0,
                            0,
                            0,
                            0,
                            0,
                            0,
                            0,
                            0,
                            0,
                            0,
                            0,
                            0,
                            0,
                            0,
                            0,
                            0,
                            0,
                            0,
                            0,
                            0,
                            0,
                            0,
                            0,
                            0,
                            0,
                            0,
                            0,
                            0,
                            0,
                            0,
                            0,
                            0,
                            0,
                            0,
                        ],
                        [
                            16,
                            16,
                            16,
                            16,
                            16,
                            16,
                            16,
                            16,
                            16,
                            16,
                            16,
                            16,
                            16,
                            16,
                            16,
                            16,
                            0,
                            0,
                            0,
                            0,
                            0,
                            0,
                            0,
                            0,
                            0,
                            0,
                            0,
                            0,
                            0,
                            0,
                            0,
                            0,
                            0,
                            0,
                            0,
                            0,
                            0,
                            0,
                            0,
                            0,
                            0,
                            0,
                            0,
                            0,
                            0,
                            0,
                            0,
                            0,
                            0,
                            0,
                            0,
                            0,
                            0,
                            0,
                            0,
                            0,
                            0,
                            0,
                            0,
                            0,
                            0,
                            0,
                            0,
                            0,
                        ],
                        [
                            12,
                            15,
                            15,
                            18,
                            18,
                            18,
                            20,
                            20,
                            20,
                            20,
                            21,
                            21,
                            21,
                            23,
                            23,
                            24,
                            0,
                            0,
                            0,
                            0,
                            0,
                            0,
                            0,
                            0,
                            0,
                            0,
                            0,
                            0,
                            0,
                            0,
                            0,
                            0,
                            0,
                            0,
                            0,
                            0,
                            0,
                            0,
                            0,
                            0,
                            0,
                            0,
                            0,
                            0,
                            0,
                            0,
                            0,
                            0,
                            0,
                            0,
                            0,
                            0,
                            0,
                            0,
                            0,
                            0,
                            0,
                            0,
                            0,
                            0,
                            0,
                            0,
                            0,
                            0,
                        ],
                        [
                            16,
                            16,
                            16,
                            16,
                            16,
                            16,
                            16,
                            16,
                            16,
                            16,
                            16,
                            16,
                            16,
                            16,
                            16,
                            16,
                            0,
                            0,
                            0,
                            0,
                            0,
                            0,
                            0,
                            0,
                            0,
                            0,
                            0,
                            0,
                            0,
                            0,
                            0,
                            0,
                            0,
                            0,
                            0,
                            0,
                            0,
                            0,
                            0,
                            0,
                            0,
                            0,
                            0,
                            0,
                            0,
                            0,
                            0,
                            0,
                            0,
                            0,
                            0,
                            0,
                            0,
                            0,
                            0,
                            0,
                            0,
                            0,
                            0,
                            0,
                            0,
                            0,
                            0,
                            0,
                        ],
                        [
                            16,
                            16,
                            16,
                            16,
                            16,
                            16,
                            16,
                            16,
                            16,
                            16,
                            16,
                            16,
                            16,
                            16,
                            16,
                            16,
                            0,
                            0,
                            0,
                            0,
                            0,
                            0,
                            0,
                            0,
                            0,
                            0,
                            0,
                            0,
                            0,
                            0,
                            0,
                            0,
                            0,
                            0,
                            0,
                            0,
                            0,
                            0,
                            0,
                            0,
                            0,
                            0,
                            0,
                            0,
                            0,
                            0,
                            0,
                            0,
                            0,
                            0,
                            0,
                            0,
                            0,
                            0,
                            0,
                            0,
                            0,
                            0,
                            0,
                            0,
                            0,
                            0,
                            0,
                            0,
                        ],
                    ],
                    [
                        [
                            10,
                            12,
                            12,
                            14,
                            14,
                            14,
                            15,
                            15,
                            15,
                            15,
                            16,
                            16,
                            16,
                            16,
                            16,
                            17,
                            17,
                            17,
                            17,
                            17,
                            17,
                            17,
                            17,
                            17,
                            17,
                            17,
                            17,
                            17,
                            18,
                            18,
                            18,
                            18,
                            18,
                            18,
                            18,
                            18,
                            19,
                            19,
                            19,
                            19,
                            19,
                            19,
                            19,
                            20,
                            20,
                            20,
                            20,
                            20,
                            20,
                            20,
                            20,
                            20,
                            20,
                            20,
                            21,
                            21,
                            21,
                            21,
                            21,
                            21,
                            21,
                            22,
                            22,
                            23,
                        ],
                        [
                            16,
                            16,
                            16,
                            16,
                            16,
                            16,
                            16,
                            16,
                            16,
                            16,
                            17,
                            16,
                            17,
                            16,
                            17,
                            18,
                            17,
                            18,
                            18,
                            17,
                            18,
                            21,
                            19,
                            20,
                            21,
                            20,
                            19,
                            21,
                            24,
                            22,
                            22,
                            24,
                            24,
                            22,
                            22,
                            24,
                            25,
                            25,
                            27,
                            30,
                            27,
                            25,
                            25,
                            29,
                            31,
                            35,
                            35,
                            31,
                            29,
                            36,
                            41,
                            44,
                            41,
                            36,
                            47,
                            54,
                            54,
                            47,
                            65,
                            70,
                            65,
                            88,
                            88,
                            0,
                        ],
                        [
                            16,
                            16,
                            16,
                            16,
                            16,
                            16,
                            16,
                            16,
                            16,
                            16,
                            17,
                            16,
                            17,
                            16,
                            17,
                            18,
                            17,
                            18,
                            18,
                            17,
                            18,
                            21,
                            19,
                            20,
                            21,
                            20,
                            19,
                            21,
                            24,
                            22,
                            22,
                            24,
                            24,
                            22,
                            22,
                            24,
                            25,
                            25,
                            27,
                            30,
                            27,
                            25,
                            25,
                            29,
                            31,
                            35,
                            35,
                            31,
                            29,
                            36,
                            41,
                            44,
                            41,
                            36,
                            47,
                            54,
                            54,
                            47,
                            65,
                            70,
                            65,
                            88,
                            88,
                            0,
                        ],
                        [
                            12,
                            14,
                            14,
                            16,
                            16,
                            16,
                            17,
                            17,
                            17,
                            17,
                            18,
                            18,
                            18,
                            18,
                            18,
                            19,
                            19,
                            19,
                            19,
                            19,
                            19,
                            19,
                            19,
                            19,
                            19,
                            19,
                            19,
                            19,
                            20,
                            20,
                            20,
                            20,
                            20,
                            20,
                            20,
                            20,
                            21,
                            21,
                            21,
                            21,
                            21,
                            21,
                            21,
                            22,
                            22,
                            22,
                            22,
                            22,
                            22,
                            22,
                            22,
                            22,
                            22,
                            22,
                            23,
                            23,
                            23,
                            23,
                            23,
                            23,
                            23,
                            24,
                            24,
                            24,
                        ],
                        [
                            16,
                            16,
                            16,
                            16,
                            16,
                            16,
                            16,
                            16,
                            16,
                            16,
                            17,
                            17,
                            17,
                            17,
                            17,
                            18,
                            18,
                            18,
                            18,
                            18,
                            18,
                            20,
                            20,
                            20,
                            20,
                            20,
                            20,
                            20,
                            24,
                            24,
                            24,
                            24,
                            24,
                            24,
                            24,
                            24,
                            25,
                            25,
                            25,
                            25,
                            25,
                            25,
                            25,
                            28,
                            28,
                            28,
                            28,
                            28,
                            28,
                            33,
                            33,
                            33,
                            33,
                            33,
                            41,
                            41,
                            41,
                            41,
                            54,
                            54,
                            54,
                            71,
                            71,
                            0,
                        ],
                        [
                            16,
                            16,
                            16,
                            16,
                            16,
                            16,
                            16,
                            16,
                            16,
                            16,
                            17,
                            17,
                            17,
                            17,
                            17,
                            18,
                            18,
                            18,
                            18,
                            18,
                            18,
                            20,
                            20,
                            20,
                            20,
                            20,
                            20,
                            20,
                            24,
                            24,
                            24,
                            24,
                            24,
                            24,
                            24,
                            24,
                            25,
                            25,
                            25,
                            25,
                            25,
                            25,
                            25,
                            28,
                            28,
                            28,
                            28,
                            28,
                            28,
                            33,
                            33,
                            33,
                            33,
                            33,
                            41,
                            41,
                            41,
                            41,
                            54,
                            54,
                            54,
                            71,
                            71,
                            0,
                        ],
                    ],
                    [
                        [
                            10,
                            12,
                            12,
                            14,
                            14,
                            14,
                            15,
                            15,
                            15,
                            15,
                            16,
                            16,
                            16,
                            16,
                            16,
                            17,
                            17,
                            17,
                            17,
                            17,
                            17,
                            17,
                            17,
                            17,
                            17,
                            17,
                            17,
                            17,
                            18,
                            18,
                            18,
                            18,
                            18,
                            18,
                            18,
                            18,
                            19,
                            19,
                            19,
                            19,
                            19,
                            19,
                            19,
                            20,
                            20,
                            20,
                            20,
                            20,
                            20,
                            20,
                            20,
                            20,
                            20,
                            20,
                            21,
                            21,
                            21,
                            21,
                            21,
                            21,
                            21,
                            22,
                            22,
                            23,
                        ],
                        [
                            16,
                            16,
                            16,
                            16,
                            16,
                            16,
                            16,
                            16,
                            16,
                            16,
                            17,
                            16,
                            17,
                            16,
                            17,
                            18,
                            17,
                            18,
                            18,
                            17,
                            18,
                            21,
                            19,
                            20,
                            21,
                            20,
                            19,
                            21,
                            24,
                            22,
                            22,
                            24,
                            24,
                            22,
                            22,
                            24,
                            25,
                            25,
                            27,
                            30,
                            27,
                            25,
                            25,
                            29,
                            31,
                            35,
                            35,
                            31,
                            29,
                            36,
                            41,
                            44,
                            41,
                            36,
                            47,
                            54,
                            54,
                            47,
                            65,
                            70,
                            65,
                            88,
                            88,
                            0,
                        ],
                        [
                            16,
                            16,
                            16,
                            16,
                            16,
                            16,
                            16,
                            16,
                            16,
                            16,
                            17,
                            16,
                            17,
                            16,
                            17,
                            18,
                            17,
                            18,
                            18,
                            17,
                            18,
                            21,
                            19,
                            20,
                            21,
                            20,
                            19,
                            21,
                            24,
                            22,
                            22,
                            24,
                            24,
                            22,
                            22,
                            24,
                            25,
                            25,
                            27,
                            30,
                            27,
                            25,
                            25,
                            29,
                            31,
                            35,
                            35,
                            31,
                            29,
                            36,
                            41,
                            44,
                            41,
                            36,
                            47,
                            54,
                            54,
                            47,
                            65,
                            70,
                            65,
                            88,
                            88,
                            0,
                        ],
                        [
                            12,
                            14,
                            14,
                            16,
                            16,
                            16,
                            17,
                            17,
                            17,
                            17,
                            18,
                            18,
                            18,
                            18,
                            18,
                            19,
                            19,
                            19,
                            19,
                            19,
                            19,
                            19,
                            19,
                            19,
                            19,
                            19,
                            19,
                            19,
                            20,
                            20,
                            20,
                            20,
                            20,
                            20,
                            20,
                            20,
                            21,
                            21,
                            21,
                            21,
                            21,
                            21,
                            21,
                            22,
                            22,
                            22,
                            22,
                            22,
                            22,
                            22,
                            22,
                            22,
                            22,
                            22,
                            23,
                            23,
                            23,
                            23,
                            23,
                            23,
                            23,
                            24,
                            24,
                            24,
                        ],
                        [
                            16,
                            16,
                            16,
                            16,
                            16,
                            16,
                            16,
                            16,
                            16,
                            16,
                            17,
                            17,
                            17,
                            17,
                            17,
                            18,
                            18,
                            18,
                            18,
                            18,
                            18,
                            20,
                            20,
                            20,
                            20,
                            20,
                            20,
                            20,
                            24,
                            24,
                            24,
                            24,
                            24,
                            24,
                            24,
                            24,
                            25,
                            25,
                            25,
                            25,
                            25,
                            25,
                            25,
                            28,
                            28,
                            28,
                            28,
                            28,
                            28,
                            33,
                            33,
                            33,
                            33,
                            33,
                            41,
                            41,
                            41,
                            41,
                            54,
                            54,
                            54,
                            71,
                            71,
                            0,
                        ],
                        [
                            16,
                            16,
                            16,
                            16,
                            16,
                            16,
                            16,
                            16,
                            16,
                            16,
                            17,
                            17,
                            17,
                            17,
                            17,
                            18,
                            18,
                            18,
                            18,
                            18,
                            18,
                            20,
                            20,
                            20,
                            20,
                            20,
                            20,
                            20,
                            24,
                            24,
                            24,
                            24,
                            24,
                            24,
                            24,
                            24,
                            25,
                            25,
                            25,
                            25,
                            25,
                            25,
                            25,
                            28,
                            28,
                            28,
                            28,
                            28,
                            28,
                            33,
                            33,
                            33,
                            33,
                            33,
                            41,
                            41,
                            41,
                            41,
                            54,
                            54,
                            54,
                            71,
                            71,
                            0,
                        ],
                    ],
                    [
                        [
                            16,
                            16,
                            16,
                            16,
                            16,
                            16,
                            16,
                            16,
                            16,
                            16,
                            17,
                            16,
                            17,
                            16,
                            17,
                            18,
                            17,
                            18,
                            18,
                            17,
                            18,
                            21,
                            19,
                            20,
                            21,
                            20,
                            19,
                            21,
                            24,
                            22,
                            22,
                            24,
                            24,
                            22,
                            22,
                            24,
                            25,
                            25,
                            27,
                            30,
                            27,
                            25,
                            25,
                            29,
                            31,
                            35,
                            35,
                            31,
                            29,
                            36,
                            41,
                            44,
                            41,
                            36,
                            47,
                            54,
                            54,
                            47,
                            65,
                            70,
                            65,
                            88,
                            88,
                            0,
                        ],
                        [
                            0,
                            0,
                            0,
                            0,
                            0,
                            0,
                            0,
                            0,
                            0,
                            0,
                            0,
                            0,
                            0,
                            0,
                            0,
                            0,
                            0,
                            0,
                            0,
                            0,
                            0,
                            0,
                            0,
                            0,
                            0,
                            0,
                            0,
                            0,
                            0,
                            0,
                            0,
                            0,
                            0,
                            0,
                            0,
                            0,
                            0,
                            0,
                            0,
                            0,
                            0,
                            0,
                            0,
                            0,
                            0,
                            0,
                            0,
                            0,
                            0,
                            0,
                            0,
                            0,
                            0,
                            0,
                            0,
                            0,
                            0,
                            0,
                            0,
                            0,
                            0,
                            0,
                            0,
                            0,
                        ],
                        [
                            0,
                            0,
                            0,
                            0,
                            0,
                            0,
                            0,
                            0,
                            0,
                            0,
                            0,
                            0,
                            0,
                            0,
                            0,
                            0,
                            0,
                            0,
                            0,
                            0,
                            0,
                            0,
                            0,
                            0,
                            0,
                            0,
                            0,
                            0,
                            0,
                            0,
                            0,
                            0,
                            0,
                            0,
                            0,
                            0,
                            0,
                            0,
                            0,
                            0,
                            0,
                            0,
                            0,
                            0,
                            0,
                            0,
                            0,
                            0,
                            0,
                            0,
                            0,
                            0,
                            0,
                            0,
                            0,
                            0,
                            0,
                            0,
                            0,
                            0,
                            0,
                            0,
                            0,
                            0,
                        ],
                        [
                            16,
                            16,
                            16,
                            16,
                            16,
                            16,
                            16,
                            16,
                            16,
                            16,
                            17,
                            17,
                            17,
                            17,
                            17,
                            18,
                            18,
                            18,
                            18,
                            18,
                            18,
                            20,
                            20,
                            20,
                            20,
                            20,
                            20,
                            20,
                            24,
                            24,
                            24,
                            24,
                            24,
                            24,
                            24,
                            24,
                            25,
                            25,
                            25,
                            25,
                            25,
                            25,
                            25,
                            28,
                            28,
                            28,
                            28,
                            28,
                            28,
                            33,
                            33,
                            33,
                            33,
                            33,
                            41,
                            41,
                            41,
                            41,
                            54,
                            54,
                            54,
                            71,
                            71,
                            0,
                        ],
                        [
                            0,
                            0,
                            0,
                            0,
                            0,
                            0,
                            0,
                            0,
                            0,
                            0,
                            0,
                            0,
                            0,
                            0,
                            0,
                            0,
                            0,
                            0,
                            0,
                            0,
                            0,
                            0,
                            0,
                            0,
                            0,
                            0,
                            0,
                            0,
                            0,
                            0,
                            0,
                            0,
                            0,
                            0,
                            0,
                            0,
                            0,
                            0,
                            0,
                            0,
                            0,
                            0,
                            0,
                            0,
                            0,
                            0,
                            0,
                            0,
                            0,
                            0,
                            0,
                            0,
                            0,
                            0,
                            0,
                            0,
                            0,
                            0,
                            0,
                            0,
                            0,
                            0,
                            0,
                            0,
                        ],
                        [
                            0,
                            0,
                            0,
                            0,
                            0,
                            0,
                            0,
                            0,
                            0,
                            0,
                            0,
                            0,
                            0,
                            0,
                            0,
                            0,
                            0,
                            0,
                            0,
                            0,
                            0,
                            0,
                            0,
                            0,
                            0,
                            0,
                            0,
                            0,
                            0,
                            0,
                            0,
                            0,
                            0,
                            0,
                            0,
                            0,
                            0,
                            0,
                            0,
                            0,
                            0,
                            0,
                            0,
                            0,
                            0,
                            0,
                            0,
                            0,
                            0,
                            0,
                            0,
                            0,
                            0,
                            0,
                            0,
                            0,
                            0,
                            0,
                            0,
                            0,
                            0,
                            0,
                            0,
                            0,
                        ],
                    ],
                ],
            },
        ),
        amp_enabled_flag: false,
        sample_adaptive_offset_enabled_flag: false,
        pcm: None,
        short_term_ref_pic_sets: ShortTermRefPicSets {
            num_delta_pocs: [
                1,
                2,
                2,
                1,
                1,
                1,
                1,
            ],
            num_positive_pics: [
                0,
                1,
                1,
                1,
                1,
                0,
                0,
            ],
            num_negative_pics: [
                1,
                1,
                1,
                0,
                0,
                1,
                1,
            ],
            delta_poc_s1: [
                [],
                [
                    4,
                ],
                [
                    2,
                ],
                [
                    4,
                ],
                [
                    2,
                ],
                [],
                [],
            ],
            delta_poc_s0: [
                [
                    -6,
                ],
                [
                    -2,
                ],
                [
                    -4,
                ],
                [],
                [],
                [
                    -2,
                ],
                [
                    -6,
                ],
            ],
            used_by_curr_pic_s0: [
                [
                    true,
                ],
                [
                    true,
                ],
                [
                    true,
                ],
                [],
                [],
                [
                    true,
                ],
                [
                    false,
                ],
            ],
            used_by_curr_pic_s1: [
                [],
                [
                    true,
                ],
                [
                    true,
                ],
                [
                    true,
                ],
                [
                    true,
                ],
                [],
                [],
            ],
        },
        long_term_ref_pics: None,
        sps_temporal_mvp_enabled_flag: false,
        strong_intra_smoothing_enabled_flag: false,
        vui_parameters: Some(
            VuiParameters {
                aspect_ratio_info: Predefined(
                    Unspecified,
                ),
                overscan_appropriate_flag: None,
                video_signal_type: VideoSignalType {
                    video_format: Unspecified,
                    video_full_range_flag: false,
                    colour_primaries: 1,
                    transfer_characteristics: 1,
                    matrix_coeffs: 1,
                },
                chroma_loc_info: None,
                neutral_chroma_indication_flag: false,
                field_seq_flag: false,
                frame_field_info_present_flag: false,
                default_display_window: DefaultDisplayWindow {
                    def_disp_win_left_offset: 0,
                    def_disp_win_right_offset: 0,
                    def_disp_win_top_offset: 0,
                    def_disp_win_bottom_offset: 0,
                },
                vui_timing_info: None,
                bitstream_restriction: BitStreamRestriction {
                    tiles_fixed_structure_flag: true,
                    motion_vectors_over_pic_boundaries_flag: true,
                    restricted_ref_pic_lists_flag: Some(
                        false,
                    ),
                    min_spatial_segmentation_idc: 0,
                    max_bytes_per_pic_denom: 0,
                    max_bits_per_min_cu_denom: 0,
                    log2_max_mv_length_horizontal: 15,
                    log2_max_mv_length_vertical: 15,
                },
            },
        ),
        range_extension: None,
        multilayer_extension: None,
        sps_3d_extension: None,
        scc_extension: None,
    },
}
