---
source: crates/h265/src/sps/mod.rs
expression: nalu
---
SpsNALUnit {
    nal_unit_header: NALUnitHeader {
        nal_unit_type: SpsNut,
        nuh_layer_id: 0,
        nuh_temporal_id_plus1: 1,
    },
    rbsp: SpsRbsp {
        sps_video_parameter_set_id: 0,
        sps_max_sub_layers_minus1: 0,
        sps_temporal_id_nesting_flag: true,
        profile_tier_level: ProfileTierLevel {
            general_profile: Profile {
                profile_space: 0,
                tier_flag: true,
                profile_idc: 2,
                profile_compatibility_flag: ProfileCompatibilityFlags(
                    Main10Profile,
                ),
                progressive_source_flag: true,
                interlaced_source_flag: false,
                non_packed_constraint_flag: false,
                frame_only_constraint_flag: true,
                additional_flags: Main10Profile {
                    one_picture_only_constraint_flag: false,
                },
                inbld_flag: Some(
                    false,
                ),
                level_idc: Some(
                    153,
                ),
            },
            sub_layer_profiles: [],
        },
        sps_seq_parameter_set_id: 0,
        chroma_format_idc: 1,
        separate_colour_plane_flag: false,
        pic_width_in_luma_samples: 3840,
        pic_height_in_luma_samples: 2160,
        conformance_window: ConformanceWindow {
            conf_win_left_offset: 0,
            conf_win_right_offset: 0,
            conf_win_top_offset: 0,
            conf_win_bottom_offset: 0,
        },
        bit_depth_luma_minus8: 2,
        bit_depth_chroma_minus8: 2,
        log2_max_pic_order_cnt_lsb_minus4: 12,
        sub_layer_ordering_info: SubLayerOrderingInfo {
            sps_max_dec_pic_buffering_minus1: [
                2,
            ],
            sps_max_num_reorder_pics: [
                1,
            ],
            sps_max_latency_increase_plus1: [
                0,
            ],
        },
        log2_min_luma_coding_block_size_minus3: 0,
        log2_diff_max_min_luma_coding_block_size: 3,
        log2_min_luma_transform_block_size_minus2: 0,
        log2_diff_max_min_luma_transform_block_size: 3,
        max_transform_hierarchy_depth_inter: 0,
        max_transform_hierarchy_depth_intra: 0,
        scaling_list_data: Some(
            ScalingListData {
                scaling_list: [
                    [
                        [
                            16,
                            17,
                            17,
                            24,
                            17,
                            24,
                            42,
                            28,
                            28,
                            42,
                            45,
                            32,
                            45,
                            53,
                            53,
                            42,
                            0,
                            0,
                            0,
                            0,
                            0,
                            0,
                            0,
                            0,
                            0,
                            0,
                            0,
                            0,
                            0,
                            0,
                            0,
                            0,
                            0,
                            0,
                            0,
                            0,
                            0,
                            0,
                            0,
                            0,
                            0,
                            0,
                            0,
                            0,
                            0,
                            0,
                            0,
                            0,
                            0,
                            0,
                            0,
                            0,
                            0,
                            0,
                            0,
                            0,
                            0,
                            0,
                            0,
                            0,
                            0,
                            0,
                            0,
                            0,
                        ],
                        [
                            16,
                            18,
                            18,
                            26,
                            18,
                            26,
                            42,
                            29,
                            29,
                            42,
                            45,
                            32,
                            45,
                            53,
                            53,
                            42,
                            0,
                            0,
                            0,
                            0,
                            0,
                            0,
                            0,
                            0,
                            0,
                            0,
                            0,
                            0,
                            0,
                            0,
                            0,
                            0,
                            0,
                            0,
                            0,
                            0,
                            0,
                            0,
                            0,
                            0,
                            0,
                            0,
                            0,
                            0,
                            0,
                            0,
                            0,
                            0,
                            0,
                            0,
                            0,
                            0,
                            0,
                            0,
                            0,
                            0,
                            0,
                            0,
                            0,
                            0,
                            0,
                            0,
                            0,
                            0,
                        ],
                        [
                            16,
                            16,
                            16,
                            16,
                            16,
                            16,
                            16,
                            16,
                            16,
                            16,
                            16,
                            16,
                            16,
                            16,
                            16,
                            16,
                            0,
                            0,
                            0,
                            0,
                            0,
                            0,
                            0,
                            0,
                            0,
                            0,
                            0,
                            0,
                            0,
                            0,
                            0,
                            0,
                            0,
                            0,
                            0,
                            0,
                            0,
                            0,
                            0,
                            0,
                            0,
                            0,
                            0,
                            0,
                            0,
                            0,
                            0,
                            0,
                            0,
                            0,
                            0,
                            0,
                            0,
                            0,
                            0,
                            0,
                            0,
                            0,
                            0,
                            0,
                            0,
                            0,
                            0,
                            0,
                        ],
                        [
                            28,
                            36,
                            36,
                            53,
                            42,
                            53,
                            74,
                            64,
                            64,
                            74,
                            224,
                            112,
                            224,
                            255,
                            255,
                            42,
                            0,
                            0,
                            0,
                            0,
                            0,
                            0,
                            0,
                            0,
                            0,
                            0,
                            0,
                            0,
                            0,
                            0,
                            0,
                            0,
                            0,
                            0,
                            0,
                            0,
                            0,
                            0,
                            0,
                            0,
                            0,
                            0,
                            0,
                            0,
                            0,
                            0,
                            0,
                            0,
                            0,
                            0,
                            0,
                            0,
                            0,
                            0,
                            0,
                            0,
                            0,
                            0,
                            0,
                            0,
                            0,
                            0,
                            0,
                            0,
                        ],
                        [
                            32,
                            37,
                            37,
                            53,
                            42,
                            53,
                            74,
                            64,
                            64,
                            74,
                            224,
                            112,
                            224,
                            255,
                            255,
                            42,
                            0,
                            0,
                            0,
                            0,
                            0,
                            0,
                            0,
                            0,
                            0,
                            0,
                            0,
                            0,
                            0,
                            0,
                            0,
                            0,
                            0,
                            0,
                            0,
                            0,
                            0,
                            0,
                            0,
                            0,
                            0,
                            0,
                            0,
                            0,
                            0,
                            0,
                            0,
                            0,
                            0,
                            0,
                            0,
                            0,
                            0,
                            0,
                            0,
                            0,
                            0,
                            0,
                            0,
                            0,
                            0,
                            0,
                            0,
                            0,
                        ],
                        [
                            16,
                            16,
                            16,
                            16,
                            16,
                            16,
                            16,
                            16,
                            16,
                            16,
                            16,
                            16,
                            16,
                            16,
                            16,
                            16,
                            0,
                            0,
                            0,
                            0,
                            0,
                            0,
                            0,
                            0,
                            0,
                            0,
                            0,
                            0,
                            0,
                            0,
                            0,
                            0,
                            0,
                            0,
                            0,
                            0,
                            0,
                            0,
                            0,
                            0,
                            0,
                            0,
                            0,
                            0,
                            0,
                            0,
                            0,
                            0,
                            0,
                            0,
                            0,
                            0,
                            0,
                            0,
                            0,
                            0,
                            0,
                            0,
                            0,
                            0,
                            0,
                            0,
                            0,
                            0,
                        ],
                    ],
                    [
                        [
                            16,
                            16,
                            16,
                            17,
                            16,
                            17,
                            17,
                            17,
                            17,
                            17,
                            18,
                            17,
                            17,
                            17,
                            18,
                            24,
                            18,
                            17,
                            17,
                            18,
                            24,
                            37,
                            24,
                            18,
                            18,
                            18,
                            24,
                            37,
                            51,
                            37,
                            24,
                            18,
                            18,
                            24,
                            37,
                            51,
                            51,
                            39,
                            30,
                            18,
                            30,
                            39,
                            51,
                            55,
                            40,
                            33,
                            33,
                            40,
                            55,
                            58,
                            44,
                            35,
                            44,
                            58,
                            64,
                            48,
                            48,
                            64,
                            71,
                            55,
                            71,
                            80,
                            80,
                            17,
                        ],
                        [
                            16,
                            16,
                            16,
                            17,
                            16,
                            17,
                            17,
                            17,
                            17,
                            17,
                            19,
                            17,
                            17,
                            17,
                            19,
                            28,
                            19,
                            17,
                            17,
                            19,
                            28,
                            37,
                            28,
                            19,
                            19,
                            19,
                            28,
                            37,
                            51,
                            37,
                            28,
                            19,
                            19,
                            28,
                            37,
                            51,
                            51,
                            39,
                            30,
                            19,
                            30,
                            39,
                            51,
                            55,
                            40,
                            33,
                            33,
                            40,
                            55,
                            58,
                            44,
                            35,
                            44,
                            58,
                            64,
                            48,
                            48,
                            64,
                            71,
                            55,
                            71,
                            80,
                            80,
                            17,
                        ],
                        [
                            16,
                            16,
                            16,
                            16,
                            16,
                            16,
                            16,
                            16,
                            16,
                            16,
                            17,
                            16,
                            17,
                            16,
                            17,
                            18,
                            17,
                            18,
                            18,
                            17,
                            18,
                            21,
                            19,
                            20,
                            21,
                            20,
                            19,
                            21,
                            24,
                            22,
                            22,
                            24,
                            24,
                            22,
                            22,
                            24,
                            25,
                            25,
                            27,
                            30,
                            27,
                            25,
                            25,
                            29,
                            31,
                            35,
                            35,
                            31,
                            29,
                            36,
                            41,
                            44,
                            41,
                            36,
                            47,
                            54,
                            54,
                            47,
                            65,
                            70,
                            65,
                            88,
                            88,
                            0,
                        ],
                        [
                            21,
                            23,
                            23,
                            24,
                            23,
                            24,
                            28,
                            26,
                            26,
                            28,
                            35,
                            32,
                            30,
                            32,
                            35,
                            58,
                            35,
                            33,
                            33,
                            35,
                            58,
                            113,
                            60,
                            37,
                            37,
                            37,
                            60,
                            113,
                            142,
                            117,
                            64,
                            40,
                            40,
                            64,
                            117,
                            142,
                            170,
                            126,
                            69,
                            44,
                            69,
                            126,
                            170,
                            227,
                            142,
                            113,
                            113,
                            142,
                            227,
                            255,
                            255,
                            255,
                            255,
                            255,
                            255,
                            255,
                            255,
                            255,
                            255,
                            255,
                            255,
                            255,
                            255,
                            17,
                        ],
                        [
                            21,
                            23,
                            23,
                            26,
                            23,
                            26,
                            32,
                            28,
                            28,
                            32,
                            35,
                            32,
                            30,
                            32,
                            35,
                            58,
                            35,
                            33,
                            33,
                            35,
                            58,
                            113,
                            60,
                            37,
                            37,
                            37,
                            60,
                            113,
                            142,
                            117,
                            64,
                            40,
                            40,
                            64,
                            117,
                            142,
                            170,
                            126,
                            69,
                            44,
                            69,
                            126,
                            170,
                            227,
                            142,
                            113,
                            113,
                            142,
                            227,
                            255,
                            255,
                            255,
                            255,
                            255,
                            255,
                            255,
                            255,
                            255,
                            255,
                            255,
                            255,
                            255,
                            255,
                            17,
                        ],
                        [
                            16,
                            16,
                            16,
                            16,
                            16,
                            16,
                            16,
                            16,
                            16,
                            16,
                            17,
                            17,
                            17,
                            17,
                            17,
                            18,
                            18,
                            18,
                            18,
                            18,
                            18,
                            20,
                            20,
                            20,
                            20,
                            20,
                            20,
                            20,
                            24,
                            24,
                            24,
                            24,
                            24,
                            24,
                            24,
                            24,
                            25,
                            25,
                            25,
                            25,
                            25,
                            25,
                            25,
                            28,
                            28,
                            28,
                            28,
                            28,
                            28,
                            33,
                            33,
                            33,
                            33,
                            33,
                            41,
                            41,
                            41,
                            41,
                            54,
                            54,
                            54,
                            71,
                            71,
                            0,
                        ],
                    ],
                    [
                        [
                            16,
                            16,
                            16,
                            17,
                            16,
                            17,
                            17,
                            17,
                            17,
                            17,
                            18,
                            17,
                            17,
                            17,
                            18,
                            24,
                            18,
                            17,
                            17,
                            18,
                            24,
                            37,
                            24,
                            18,
                            18,
                            18,
                            24,
                            37,
                            51,
                            37,
                            24,
                            18,
                            18,
                            24,
                            37,
                            51,
                            51,
                            39,
                            30,
                            18,
                            30,
                            39,
                            51,
                            55,
                            40,
                            33,
                            33,
                            40,
                            55,
                            58,
                            44,
                            35,
                            44,
                            58,
                            64,
                            48,
                            48,
                            64,
                            71,
                            55,
                            71,
                            80,
                            80,
                            17,
                        ],
                        [
                            16,
                            16,
                            16,
                            17,
                            16,
                            17,
                            17,
                            17,
                            17,
                            17,
                            19,
                            17,
                            17,
                            17,
                            19,
                            28,
                            19,
                            17,
                            17,
                            19,
                            28,
                            37,
                            28,
                            19,
                            19,
                            19,
                            28,
                            37,
                            51,
                            37,
                            28,
                            19,
                            19,
                            28,
                            37,
                            51,
                            51,
                            39,
                            30,
                            19,
                            30,
                            39,
                            51,
                            55,
                            40,
                            33,
                            33,
                            40,
                            55,
                            58,
                            44,
                            35,
                            44,
                            58,
                            64,
                            48,
                            48,
                            64,
                            71,
                            55,
                            71,
                            80,
                            80,
                            17,
                        ],
                        [
                            16,
                            16,
                            16,
                            16,
                            16,
                            16,
                            16,
                            16,
                            16,
                            16,
                            17,
                            16,
                            17,
                            16,
                            17,
                            18,
                            17,
                            18,
                            18,
                            17,
                            18,
                            21,
                            19,
                            20,
                            21,
                            20,
                            19,
                            21,
                            24,
                            22,
                            22,
                            24,
                            24,
                            22,
                            22,
                            24,
                            25,
                            25,
                            27,
                            30,
                            27,
                            25,
                            25,
                            29,
                            31,
                            35,
                            35,
                            31,
                            29,
                            36,
                            41,
                            44,
                            41,
                            36,
                            47,
                            54,
                            54,
                            47,
                            65,
                            70,
                            65,
                            88,
                            88,
                            0,
                        ],
                        [
                            21,
                            23,
                            23,
                            24,
                            23,
                            24,
                            28,
                            26,
                            26,
                            28,
                            35,
                            32,
                            30,
                            32,
                            35,
                            58,
                            35,
                            33,
                            33,
                            35,
                            58,
                            113,
                            60,
                            37,
                            37,
                            37,
                            60,
                            113,
                            142,
                            117,
                            64,
                            40,
                            40,
                            64,
                            117,
                            142,
                            170,
                            126,
                            69,
                            44,
                            69,
                            126,
                            170,
                            227,
                            142,
                            113,
                            113,
                            142,
                            227,
                            255,
                            255,
                            255,
                            255,
                            255,
                            255,
                            255,
                            255,
                            255,
                            255,
                            255,
                            255,
                            255,
                            255,
                            17,
                        ],
                        [
                            21,
                            23,
                            23,
                            26,
                            23,
                            26,
                            32,
                            28,
                            28,
                            32,
                            35,
                            32,
                            30,
                            32,
                            35,
                            58,
                            35,
                            33,
                            33,
                            35,
                            58,
                            113,
                            60,
                            37,
                            37,
                            37,
                            60,
                            113,
                            142,
                            117,
                            64,
                            40,
                            40,
                            64,
                            117,
                            142,
                            170,
                            126,
                            69,
                            44,
                            69,
                            126,
                            170,
                            227,
                            142,
                            113,
                            113,
                            142,
                            227,
                            255,
                            255,
                            255,
                            255,
                            255,
                            255,
                            255,
                            255,
                            255,
                            255,
                            255,
                            255,
                            255,
                            255,
                            17,
                        ],
                        [
                            16,
                            16,
                            16,
                            16,
                            16,
                            16,
                            16,
                            16,
                            16,
                            16,
                            17,
                            17,
                            17,
                            17,
                            17,
                            18,
                            18,
                            18,
                            18,
                            18,
                            18,
                            20,
                            20,
                            20,
                            20,
                            20,
                            20,
                            20,
                            24,
                            24,
                            24,
                            24,
                            24,
                            24,
                            24,
                            24,
                            25,
                            25,
                            25,
                            25,
                            25,
                            25,
                            25,
                            28,
                            28,
                            28,
                            28,
                            28,
                            28,
                            33,
                            33,
                            33,
                            33,
                            33,
                            41,
                            41,
                            41,
                            41,
                            54,
                            54,
                            54,
                            71,
                            71,
                            0,
                        ],
                    ],
                    [
                        [
                            16,
                            16,
                            16,
                            17,
                            16,
                            17,
                            17,
                            17,
                            17,
                            17,
                            18,
                            17,
                            17,
                            17,
                            18,
                            24,
                            18,
                            17,
                            17,
                            18,
                            24,
                            37,
                            24,
                            18,
                            18,
                            18,
                            24,
                            37,
                            51,
                            37,
                            24,
                            18,
                            18,
                            24,
                            37,
                            51,
                            51,
                            39,
                            30,
                            18,
                            30,
                            39,
                            51,
                            55,
                            40,
                            33,
                            33,
                            40,
                            55,
                            58,
                            44,
                            35,
                            44,
                            58,
                            64,
                            48,
                            48,
                            64,
                            71,
                            55,
                            71,
                            80,
                            80,
                            17,
                        ],
                        [
                            0,
                            0,
                            0,
                            0,
                            0,
                            0,
                            0,
                            0,
                            0,
                            0,
                            0,
                            0,
                            0,
                            0,
                            0,
                            0,
                            0,
                            0,
                            0,
                            0,
                            0,
                            0,
                            0,
                            0,
                            0,
                            0,
                            0,
                            0,
                            0,
                            0,
                            0,
                            0,
                            0,
                            0,
                            0,
                            0,
                            0,
                            0,
                            0,
                            0,
                            0,
                            0,
                            0,
                            0,
                            0,
                            0,
                            0,
                            0,
                            0,
                            0,
                            0,
                            0,
                            0,
                            0,
                            0,
                            0,
                            0,
                            0,
                            0,
                            0,
                            0,
                            0,
                            0,
                            0,
                        ],
                        [
                            0,
                            0,
                            0,
                            0,
                            0,
                            0,
                            0,
                            0,
                            0,
                            0,
                            0,
                            0,
                            0,
                            0,
                            0,
                            0,
                            0,
                            0,
                            0,
                            0,
                            0,
                            0,
                            0,
                            0,
                            0,
                            0,
                            0,
                            0,
                            0,
                            0,
                            0,
                            0,
                            0,
                            0,
                            0,
                            0,
                            0,
                            0,
                            0,
                            0,
                            0,
                            0,
                            0,
                            0,
                            0,
                            0,
                            0,
                            0,
                            0,
                            0,
                            0,
                            0,
                            0,
                            0,
                            0,
                            0,
                            0,
                            0,
                            0,
                            0,
                            0,
                            0,
                            0,
                            0,
                        ],
                        [
                            21,
                            23,
                            23,
                            26,
                            23,
                            26,
                            32,
                            28,
                            28,
                            32,
                            35,
                            32,
                            30,
                            32,
                            35,
                            58,
                            35,
                            33,
                            33,
                            35,
                            58,
                            113,
                            60,
                            37,
                            37,
                            37,
                            60,
                            113,
                            142,
                            117,
                            64,
                            40,
                            40,
                            64,
                            117,
                            142,
                            170,
                            126,
                            69,
                            44,
                            69,
                            126,
                            170,
                            227,
                            142,
                            113,
                            113,
                            142,
                            227,
                            255,
                            255,
                            255,
                            255,
                            255,
                            255,
                            255,
                            255,
                            255,
                            255,
                            255,
                            255,
                            255,
                            255,
                            17,
                        ],
                        [
                            0,
                            0,
                            0,
                            0,
                            0,
                            0,
                            0,
                            0,
                            0,
                            0,
                            0,
                            0,
                            0,
                            0,
                            0,
                            0,
                            0,
                            0,
                            0,
                            0,
                            0,
                            0,
                            0,
                            0,
                            0,
                            0,
                            0,
                            0,
                            0,
                            0,
                            0,
                            0,
                            0,
                            0,
                            0,
                            0,
                            0,
                            0,
                            0,
                            0,
                            0,
                            0,
                            0,
                            0,
                            0,
                            0,
                            0,
                            0,
                            0,
                            0,
                            0,
                            0,
                            0,
                            0,
                            0,
                            0,
                            0,
                            0,
                            0,
                            0,
                            0,
                            0,
                            0,
                            0,
                        ],
                        [
                            0,
                            0,
                            0,
                            0,
                            0,
                            0,
                            0,
                            0,
                            0,
                            0,
                            0,
                            0,
                            0,
                            0,
                            0,
                            0,
                            0,
                            0,
                            0,
                            0,
                            0,
                            0,
                            0,
                            0,
                            0,
                            0,
                            0,
                            0,
                            0,
                            0,
                            0,
                            0,
                            0,
                            0,
                            0,
                            0,
                            0,
                            0,
                            0,
                            0,
                            0,
                            0,
                            0,
                            0,
                            0,
                            0,
                            0,
                            0,
                            0,
                            0,
                            0,
                            0,
                            0,
                            0,
                            0,
                            0,
                            0,
                            0,
                            0,
                            0,
                            0,
                            0,
                            0,
                            0,
                        ],
                    ],
                ],
            },
        ),
        amp_enabled_flag: false,
        sample_adaptive_offset_enabled_flag: true,
        pcm: None,
        short_term_ref_pic_sets: ShortTermRefPicSets {
            num_delta_pocs: [
                1,
                2,
                1,
            ],
            num_positive_pics: [
                0,
                1,
                0,
            ],
            num_negative_pics: [
                1,
                1,
                1,
            ],
            delta_poc_s1: [
                [],
                [
                    2,
                ],
                [],
            ],
            delta_poc_s0: [
                [
                    -3,
                ],
                [
                    -1,
                ],
                [
                    -1,
                ],
            ],
            used_by_curr_pic_s0: [
                [
                    true,
                ],
                [
                    true,
                ],
                [
                    true,
                ],
            ],
            used_by_curr_pic_s1: [
                [],
                [
                    true,
                ],
                [],
            ],
        },
        long_term_ref_pics: None,
        sps_temporal_mvp_enabled_flag: true,
        strong_intra_smoothing_enabled_flag: true,
        vui_parameters: Some(
            VuiParameters {
                aspect_ratio_info: Predefined(
                    Square,
                ),
                overscan_appropriate_flag: None,
                video_signal_type: VideoSignalType {
                    video_format: Unspecified,
                    video_full_range_flag: false,
                    colour_primaries: 9,
                    transfer_characteristics: 16,
                    matrix_coeffs: 9,
                },
                chroma_loc_info: Some(
                    ChromaLocInfo {
                        top_field: 2,
                        bottom_field: 2,
                    },
                ),
                neutral_chroma_indication_flag: false,
                field_seq_flag: false,
                frame_field_info_present_flag: true,
                default_display_window: DefaultDisplayWindow {
                    def_disp_win_left_offset: 0,
                    def_disp_win_right_offset: 0,
                    def_disp_win_top_offset: 0,
                    def_disp_win_bottom_offset: 0,
                },
                vui_timing_info: Some(
                    VuiTimingInfo {
                        num_units_in_tick: 8008,
                        time_scale: 480000,
                        poc_proportional_to_timing_flag: true,
                        num_ticks_poc_diff_one_minus1: Some(
                            0,
                        ),
                        hrd_parameters: Some(
                            HrdParameters {
                                common_inf: CommonInf {
                                    sub_pic_hrd_params: None,
                                    bit_rate_scale: Some(
                                        4,
                                    ),
                                    cpb_size_scale: Some(
                                        6,
                                    ),
                                    initial_cpb_removal_delay_length_minus1: 16,
                                    au_cpb_removal_delay_length_minus1: 6,
                                    dpb_output_delay_length_minus1: 6,
                                },
                                sub_layers: [
                                    HrdParametersSubLayer {
                                        fixed_pic_rate_general_flag: true,
                                        fixed_pic_rate_within_cvs_flag: true,
                                        elemental_duration_in_tc_minus1: Some(
                                            0,
                                        ),
                                        low_delay_hrd_flag: false,
                                        cpb_cnt_minus1: 0,
                                        sub_layer_parameters: [
                                            SubLayerHrdParameters {
                                                nal_hrd: true,
                                                bit_rate_value_minus1: 78124,
                                                cpb_size_value_minus1: 78124,
                                                cpb_size_du_value_minus1: None,
                                                bit_rate_du_value_minus1: None,
                                                cbr_flag: false,
                                            },
                                            SubLayerHrdParameters {
                                                nal_hrd: false,
                                                bit_rate_value_minus1: 78124,
                                                cpb_size_value_minus1: 78124,
                                                cpb_size_du_value_minus1: None,
                                                bit_rate_du_value_minus1: None,
                                                cbr_flag: false,
                                            },
                                        ],
                                    },
                                ],
                            },
                        ),
                    },
                ),
                bitstream_restriction: BitStreamRestriction {
                    tiles_fixed_structure_flag: false,
                    motion_vectors_over_pic_boundaries_flag: false,
                    restricted_ref_pic_lists_flag: Some(
                        false,
                    ),
                    min_spatial_segmentation_idc: 0,
                    max_bytes_per_pic_denom: 2,
                    max_bits_per_min_cu_denom: 0,
                    log2_max_mv_length_horizontal: 15,
                    log2_max_mv_length_vertical: 15,
                },
            },
        ),
        range_extension: None,
        multilayer_extension: None,
        sps_3d_extension: None,
        scc_extension: None,
    },
}
